C(1,["a", "b"])
C(1,["a"])
C(2,["b"])
C(3,["s"])
C(4,["p"])
C(1,["x", "y"])
C(1,["u", "t"])
C(1,["v", "z"])
PO(1,["m", "n"],z)
C(5,["p", "q"])
C(6,[1, 2])
C(7,[])
KB(1,["a"],"x",-)
KB(2,["b"],0,[7, "b"])
KB(3,["c"],5,"77")
KB(4,["d"],0,"no splat 7")
KB(5,["e"],"kk",[7])
PB(rr,["ll"])
PB(s,"blkblk")
"msg"
["a", 1]
["b"]
6
"3"
[3]
["p", "q"]
["aa", "bb"]
["p", "q"]
["p", "q"]
["p", "q"]
["p", "q"]
P2(a..c,nil)
P2(b..d,"t1")
KB(40,["40", "q40"],0,[7, "40"])
