"abxyz"
"abxyz"
"abxz"
"abxz"
"xyabz"
"xyabz"
"a-bzA"
"a-bzA"
"qqz"
"qqz"
"Qcdef12"
"Qcdef12"
"Qcdef1"
"Qcdef1"
"Qyabcdef"
"Qyabcdef"
"xBCD"
"xBCD"
"abc!"
"abc!"
"abxyzw"
"QRcdef1!"
"cdz"
1
["ab", "cdz"]
"Qb"
0
["Qb", "cdz"]
"Rdz"
1
["Qb", "Rdz"]
"abz"
"abz"
"abzy"
"abz"
"abzxw"
"abz"
FrozenError
FrozenError
